--- Logging started at 2026-08-21 17:29:52 ---
[2026-08-21 17:30:58] autoupdate.fetch_smca
ERROR: Message: timeout: Timed out receiving message from renderer: -0.002
  (Session info: chrome=151.0.7922.137)
Stacktrace:
#0 0x5606efdb436a <unknown>
#1 0x5606ef727f49 <unknown>
#2 0x5606ef70f99b <unknown>
#3 0x5606ef70f616 <unknown>
#4 0x5606ef70d1fe <unknown>
#5 0x5606ef70db7f <unknown>
#6 0x5606ef71ccf0 <unknown>
#7 0x5606ef736cb7 <unknown>
#8 0x5606ef73e68b <unknown>
#9 0x5606ef70e2d9 <unknown>
#10 0x5606ef736a12 <unknown>
#11 0x5606ef7c5f86 <unknown>
#12 0x5606ef770c92 <unknown>
#13 0x5606ef771b11 <unknown>
#14 0x5606efd798d0 <unknown>
#15 0x5606efd77f3a <unknown>
#16 0x5606efd629b5 <unknown>
#17 0x5606efd78c0a <unknown>
#18 0x5606efd4a740 <unknown>
#19 0x5606efd9f9a8 <unknown>
#20 0x5606efd9fb45 <unknown>
#21 0x5606efdb2f1e <unknown>
#22 0x7f1540c9cb84 <unknown>
#23 0x7f1540d29d6c <unknown>

OUTPUT: page_snapshot: <html><head></head><body></body></html>
TRACEBACK:
Traceback (most recent call last):
  File "/home/runner/work/06E-Felicia.github.io/06E-Felicia.github.io/auto_update/utils/util_updater.py", line 160, in fetch_live_data
    driver.get(DATA_SOURCE_URL)
  File "/opt/hostedtoolcache/Python/3.10.21/x64/lib/python3.10/site-packages/selenium/webdriver/remote/webdriver.py", line 524, in get
    self.execute(Command.GET, {"url": url})
  File "/opt/hostedtoolcache/Python/3.10.21/x64/lib/python3.10/site-packages/selenium/webdriver/remote/webdriver.py", line 504, in execute
    self.error_handler.check_response(response)
  File "/opt/hostedtoolcache/Python/3.10.21/x64/lib/python3.10/site-packages/selenium/webdriver/remote/errorhandler.py", line 232, in check_response
    raise exception_class(message, screen, stacktrace)
selenium.common.exceptions.TimeoutException: Message: timeout: Timed out receiving message from renderer: -0.002
  (Session info: chrome=151.0.7922.137)
Stacktrace:
#0 0x5606efdb436a <unknown>
#1 0x5606ef727f49 <unknown>
#2 0x5606ef70f99b <unknown>
#3 0x5606ef70f616 <unknown>
#4 0x5606ef70d1fe <unknown>
#5 0x5606ef70db7f <unknown>
#6 0x5606ef71ccf0 <unknown>
#7 0x5606ef736cb7 <unknown>
#8 0x5606ef73e68b <unknown>
#9 0x5606ef70e2d9 <unknown>
#10 0x5606ef736a12 <unknown>
#11 0x5606ef7c5f86 <unknown>
#12 0x5606ef770c92 <unknown>
#13 0x5606ef771b11 <unknown>
#14 0x5606efd798d0 <unknown>
#15 0x5606efd77f3a <unknown>
#16 0x5606efd629b5 <unknown>
#17 0x5606efd78c0a <unknown>
#18 0x5606efd4a740 <unknown>
#19 0x5606efd9f9a8 <unknown>
#20 0x5606efd9fb45 <unknown>
#21 0x5606efdb2f1e <unknown>
#22 0x7f1540c9cb84 <unknown>
#23 0x7f1540d29d6c <unknown>
[2026-08-21 17:30:58] autoupdate.main
ERROR: Live data fetch failed, using fallback data.
